[Debug]2019/05/24 15:02:44 main.go:52: 将日志写入文件
